// Jest Snapshot v1, https://goo.gl/fbAQLP

exports[`should render the Login page 1`] = `
<div
  className="container"
>
  <div>
    <img
      height="100%"
      id="container__image"
      src="btn-picture.jpg"
      width="100%"
    />
    <button
      className="button is-medium"
      onClick={[Function]}
    >
      <span>
        Login With Google
      </span>
    </button>
  </div>
</div>
`;
